
--------------------------------------------------
TXLib соболезнует...

Программа: C:\Users\Kate\Desktop\DED-C_Tasks\Task5 stack\stack.exe,

ВНЕЗАПНО: signal (22, 0x00): SIGABRT: Аварийное завершение программы, вызвана функция abort(). 

С помощью функции signal() вы можете сами обработать эту ошибку.

#1: TXLib [Ver: 00173a, Rev: 175, Date: 2025-12-31 23:02:50 +0400], Instance: 0x004F71DC (32-bit), Flags: Cmdre0, Thread: 0x7004 (Main). 

--------------------------------------------------
Стек вызовов:

# 0 0x0040B619 in C:\Users\Kate\Desktop\DED-C_Tasks\Task5 stack\stack.exe: (anonymous namespace)::TX::_txOnSignal()
# 1 0x757A8F03 in C:\WINDOWS\System32\msvcrt.dll: raise()
# 2 0x757AD3CB in C:\WINDOWS\System32\msvcrt.dll: abort()
# 3 0x0041EC6E in C:\Users\Kate\Desktop\DED-C_Tasks\Task5 stack\stack.exe: stackPush()
# 4 0x0040149A in C:\Users\Kate\Desktop\DED-C_Tasks\Task5 stack\stack.exe: main()

TXLib печалится: Нет информации об исходных файлах. Вы не забыли опцию -g при компиляции?

--------------------------------------------------
Developed with:

The Dumb Artist Library (TX Library)
TXLib [Ver: 00173a, Rev: 175, Date: 2025-12-31 23:02:50 +0400]
Copyright (C) Ded (Ilya Dedinsky, http://txlib.ru) <mail@txlib.ru>
See license on: http://txlib.ru

TXLib file:	C:\Users\Kate\Desktop\downloads\TX\TXLib.h
Compiled:	Sep 29 2026 14:52:46, GNU g++ 4.8.1, std=201103L, MinGW Runtime 3.20, 32-bit, Debug
Started:	Sep 29 2026 14:52:51

Run file:	C:\Users\Kate\Desktop\DED-C_Tasks\Task5 stack\stack.exe
Directory:	C:\Users\Kate\Desktop\DED-C_Tasks\Task5 stack

--------------------------------------------------

--------------------------------------------------
TXLib соболезнует...

Программа: C:\Users\Kate\Desktop\DED-C_Tasks\Task5 stack\stack.exe,

ВНЕЗАПНО: signal (22, 0x00): SIGABRT: Аварийное завершение программы, вызвана функция abort(). 

С помощью функции signal() вы можете сами обработать эту ошибку.

#1: TXLib [Ver: 00173a, Rev: 175, Date: 2025-12-31 23:02:50 +0400], Instance: 0x004F71DC (32-bit), Flags: Cmdre0, Thread: 0x69F8 (Main), GetLastError(): 183 (Невозможно создать файл, так как он уже существует). 

--------------------------------------------------
Стек вызовов:

# 0 0x0040B611 in C:\Users\Kate\Desktop\DED-C_Tasks\Task5 stack\stack.exe: (anonymous namespace)::TX::_txOnSignal()
# 1 0x757A8F03 in C:\WINDOWS\System32\msvcrt.dll: raise()
# 2 0x757AD3CB in C:\WINDOWS\System32\msvcrt.dll: abort()
# 3 0x0041EC28 in C:\Users\Kate\Desktop\DED-C_Tasks\Task5 stack\stack.exe: stackInit()
# 4 0x00401454 in C:\Users\Kate\Desktop\DED-C_Tasks\Task5 stack\stack.exe: main()

TXLib печалится: Нет информации об исходных файлах. Вы не забыли опцию -g при компиляции?

--------------------------------------------------
Developed with:

The Dumb Artist Library (TX Library)
TXLib [Ver: 00173a, Rev: 175, Date: 2025-12-31 23:02:50 +0400]
Copyright (C) Ded (Ilya Dedinsky, http://txlib.ru) <mail@txlib.ru>
See license on: http://txlib.ru

TXLib file:	C:\Users\Kate\Desktop\downloads\TX\TXLib.h
Compiled:	Sep 29 2026 19:03:14, GNU g++ 4.8.1, std=201103L, MinGW Runtime 3.20, 32-bit, Debug
Started:	Sep 29 2026 19:03:19

Run file:	C:\Users\Kate\Desktop\DED-C_Tasks\Task5 stack\stack.exe
Directory:	C:\Users\Kate\Desktop\DED-C_Tasks\Task5 stack

--------------------------------------------------

--------------------------------------------------
TXLib соболезнует...

Программа: C:\Users\Kate\Desktop\DED-C_Tasks\Task5 stack\stack.exe,

ВНЕЗАПНО: signal (22, 0x00): SIGABRT: Аварийное завершение программы, вызвана функция abort(). 

С помощью функции signal() вы можете сами обработать эту ошибку.

#1: TXLib [Ver: 00173a, Rev: 175, Date: 2025-12-31 23:02:50 +0400], Instance: 0x004F71DC (32-bit), Flags: Cmdre0, Thread: 0x2528 (Main), GetLastError(): 183 (Невозможно создать файл, так как он уже существует). 

--------------------------------------------------
Стек вызовов:

# 0 0x0040B611 in C:\Users\Kate\Desktop\DED-C_Tasks\Task5 stack\stack.exe: (anonymous namespace)::TX::_txOnSignal()
# 1 0x757A8F03 in C:\WINDOWS\System32\msvcrt.dll: raise()
# 2 0x757AD3CB in C:\WINDOWS\System32\msvcrt.dll: abort()
# 3 0x0041EC28 in C:\Users\Kate\Desktop\DED-C_Tasks\Task5 stack\stack.exe: stackInit()
# 4 0x00401454 in C:\Users\Kate\Desktop\DED-C_Tasks\Task5 stack\stack.exe: main()

TXLib печалится: Нет информации об исходных файлах. Вы не забыли опцию -g при компиляции?

--------------------------------------------------
Developed with:

The Dumb Artist Library (TX Library)
TXLib [Ver: 00173a, Rev: 175, Date: 2025-12-31 23:02:50 +0400]
Copyright (C) Ded (Ilya Dedinsky, http://txlib.ru) <mail@txlib.ru>
See license on: http://txlib.ru

TXLib file:	C:\Users\Kate\Desktop\downloads\TX\TXLib.h
Compiled:	Sep 29 2026 21:12:36, GNU g++ 4.8.1, std=201103L, MinGW Runtime 3.20, 32-bit, Debug
Started:	Sep 29 2026 21:12:45

Run file:	C:\Users\Kate\Desktop\DED-C_Tasks\Task5 stack\stack.exe
Directory:	C:\Users\Kate\Desktop\DED-C_Tasks\Task5 stack

--------------------------------------------------

--------------------------------------------------
TXLib соболезнует...

Программа: C:\Users\Kate\Desktop\DED-C_Tasks\Task5 stack\stack.exe,

ВНЕЗАПНО: signal (22, 0x00): SIGABRT: Аварийное завершение программы, вызвана функция abort(). 

С помощью функции signal() вы можете сами обработать эту ошибку.

#1: TXLib [Ver: 00173a, Rev: 175, Date: 2025-12-31 23:02:50 +0400], Instance: 0x004F71DC (32-bit), Flags: Cmdre0, Thread: 0x538C (Main), GetLastError(): 183 (Невозможно создать файл, так как он уже существует). 

--------------------------------------------------
Стек вызовов:

# 0 0x0040B611 in C:\Users\Kate\Desktop\DED-C_Tasks\Task5 stack\stack.exe: (anonymous namespace)::TX::_txOnSignal()
# 1 0x757A8F03 in C:\WINDOWS\System32\msvcrt.dll: raise()
# 2 0x757AD3CB in C:\WINDOWS\System32\msvcrt.dll: abort()
# 3 0x0041EC29 in C:\Users\Kate\Desktop\DED-C_Tasks\Task5 stack\stack.exe: stackInit()
# 4 0x00401454 in C:\Users\Kate\Desktop\DED-C_Tasks\Task5 stack\stack.exe: main()

TXLib печалится: Нет информации об исходных файлах. Вы не забыли опцию -g при компиляции?

--------------------------------------------------
Developed with:

The Dumb Artist Library (TX Library)
TXLib [Ver: 00173a, Rev: 175, Date: 2025-12-31 23:02:50 +0400]
Copyright (C) Ded (Ilya Dedinsky, http://txlib.ru) <mail@txlib.ru>
See license on: http://txlib.ru

TXLib file:	C:\Users\Kate\Desktop\downloads\TX\TXLib.h
Compiled:	Sep 29 2026 22:14:11, GNU g++ 4.8.1, std=201103L, MinGW Runtime 3.20, 32-bit, Debug
Started:	Sep 29 2026 22:14:18

Run file:	C:\Users\Kate\Desktop\DED-C_Tasks\Task5 stack\stack.exe
Directory:	C:\Users\Kate\Desktop\DED-C_Tasks\Task5 stack

--------------------------------------------------

--------------------------------------------------
TXLib соболезнует...

Программа: C:\Users\Kate\Desktop\DED-C_Tasks\Task5 stack\stack.exe,

ВНЕЗАПНО: signal (22, 0x00): SIGABRT: Аварийное завершение программы, вызвана функция abort(). 

С помощью функции signal() вы можете сами обработать эту ошибку.

#1: TXLib [Ver: 00173a, Rev: 175, Date: 2025-12-31 23:02:50 +0400], Instance: 0x004F71DC (32-bit), Flags: Cmdre0, Thread: 0x85C (Main), GetLastError(): 183 (Невозможно создать файл, так как он уже существует). 

--------------------------------------------------
Стек вызовов:

# 0 0x0040B611 in C:\Users\Kate\Desktop\DED-C_Tasks\Task5 stack\stack.exe: (anonymous namespace)::TX::_txOnSignal()
# 1 0x757A8F03 in C:\WINDOWS\System32\msvcrt.dll: raise()
# 2 0x757AD3CB in C:\WINDOWS\System32\msvcrt.dll: abort()
# 3 0x0041EC29 in C:\Users\Kate\Desktop\DED-C_Tasks\Task5 stack\stack.exe: stackInit()
# 4 0x00401454 in C:\Users\Kate\Desktop\DED-C_Tasks\Task5 stack\stack.exe: main()

TXLib печалится: Нет информации об исходных файлах. Вы не забыли опцию -g при компиляции?

--------------------------------------------------
Developed with:

The Dumb Artist Library (TX Library)
TXLib [Ver: 00173a, Rev: 175, Date: 2025-12-31 23:02:50 +0400]
Copyright (C) Ded (Ilya Dedinsky, http://txlib.ru) <mail@txlib.ru>
See license on: http://txlib.ru

TXLib file:	C:\Users\Kate\Desktop\downloads\TX\TXLib.h
Compiled:	Sep 29 2026 22:14:45, GNU g++ 4.8.1, std=201103L, MinGW Runtime 3.20, 32-bit, Debug
Started:	Sep 29 2026 22:14:49

Run file:	C:\Users\Kate\Desktop\DED-C_Tasks\Task5 stack\stack.exe
Directory:	C:\Users\Kate\Desktop\DED-C_Tasks\Task5 stack

--------------------------------------------------

--------------------------------------------------
TXLib соболезнует...

Программа: C:\Users\Kate\Desktop\DED-C_Tasks\Task5 stack\stack.exe,

ВНЕЗАПНО: signal (22, 0x00): SIGABRT: Аварийное завершение программы, вызвана функция abort(). 

С помощью функции signal() вы можете сами обработать эту ошибку.

#1: TXLib [Ver: 00173a, Rev: 175, Date: 2025-12-31 23:02:50 +0400], Instance: 0x004F71DC (32-bit), Flags: Cmdre0, Thread: 0x2020 (Main), GetLastError(): 183 (Невозможно создать файл, так как он уже существует), errno: 22 (Invalid argument). 

--------------------------------------------------
Стек вызовов:

# 0 0x0040B611 in C:\Users\Kate\Desktop\DED-C_Tasks\Task5 stack\stack.exe: (anonymous namespace)::TX::_txOnSignal()
# 1 0x757A8F03 in C:\WINDOWS\System32\msvcrt.dll: raise()
# 2 0x757AD3CB in C:\WINDOWS\System32\msvcrt.dll: abort()
# 3 0x0041ED01 in C:\Users\Kate\Desktop\DED-C_Tasks\Task5 stack\stack.exe: stackPush()
# 4 0x0040154C in C:\Users\Kate\Desktop\DED-C_Tasks\Task5 stack\stack.exe: main()

TXLib печалится: Нет информации об исходных файлах. Вы не забыли опцию -g при компиляции?

--------------------------------------------------
Developed with:

The Dumb Artist Library (TX Library)
TXLib [Ver: 00173a, Rev: 175, Date: 2025-12-31 23:02:50 +0400]
Copyright (C) Ded (Ilya Dedinsky, http://txlib.ru) <mail@txlib.ru>
See license on: http://txlib.ru

TXLib file:	C:\Users\Kate\Desktop\downloads\TX\TXLib.h
Compiled:	Sep 29 2026 22:16:12, GNU g++ 4.8.1, std=201103L, MinGW Runtime 3.20, 32-bit, Debug
Started:	Sep 29 2026 22:16:15

Run file:	C:\Users\Kate\Desktop\DED-C_Tasks\Task5 stack\stack.exe
Directory:	C:\Users\Kate\Desktop\DED-C_Tasks\Task5 stack

--------------------------------------------------

--------------------------------------------------
TXLib соболезнует...

Программа: C:\Users\Kate\Desktop\DED-C_Tasks\Task5 stack\stack.exe,

ВНЕЗАПНО: signal (22, 0x00): SIGABRT: Аварийное завершение программы, вызвана функция abort(). 

С помощью функции signal() вы можете сами обработать эту ошибку.

#1: TXLib [Ver: 00173a, Rev: 175, Date: 2025-12-31 23:02:50 +0400], Instance: 0x004F71DC (32-bit), Flags: Cmdre0, Thread: 0x4190 (Main), GetLastError(): 183 (Невозможно создать файл, так как он уже существует). 

--------------------------------------------------
Стек вызовов:

# 0 0x0040B361 in C:\Users\Kate\Desktop\DED-C_Tasks\Task5 stack\stack.exe: (anonymous namespace)::TX::_txOnSignal()
# 1 0x757A8F03 in C:\WINDOWS\System32\msvcrt.dll: raise()
# 2 0x757AD3CB in C:\WINDOWS\System32\msvcrt.dll: abort()
# 3 0x0041E9A6 in C:\Users\Kate\Desktop\DED-C_Tasks\Task5 stack\stack.exe: stackInit()
# 4 0x0041F4EC in C:\Users\Kate\Desktop\DED-C_Tasks\Task5 stack\stack.exe: main()

TXLib печалится: Нет информации об исходных файлах. Вы не забыли опцию -g при компиляции?

--------------------------------------------------
Developed with:

The Dumb Artist Library (TX Library)
TXLib [Ver: 00173a, Rev: 175, Date: 2025-12-31 23:02:50 +0400]
Copyright (C) Ded (Ilya Dedinsky, http://txlib.ru) <mail@txlib.ru>
See license on: http://txlib.ru

TXLib file:	C:\Users\Kate\Desktop\downloads\TX\TXLib.h
Compiled:	Sep 30 2026 21:33:26, GNU g++ 4.8.1, std=201103L, MinGW Runtime 3.20, 32-bit, Debug
Started:	Sep 30 2026 21:33:30

Run file:	C:\Users\Kate\Desktop\DED-C_Tasks\Task5 stack\stack.exe
Directory:	C:\Users\Kate\Desktop\DED-C_Tasks\Task5 stack

--------------------------------------------------

--------------------------------------------------
TXLib соболезнует...

Программа: C:\Users\Kate\Desktop\DED-C_Tasks\Task5 stack\stack.exe,

ВНЕЗАПНО: signal (22, 0x00): SIGABRT: Аварийное завершение программы, вызвана функция abort(). 

С помощью функции signal() вы можете сами обработать эту ошибку.

#1: TXLib [Ver: 00173a, Rev: 175, Date: 2025-12-31 23:02:50 +0400], Instance: 0x004F71DC (32-bit), Flags: Cmdre0, Thread: 0x6450 (Main), GetLastError(): 183 (Невозможно создать файл, так как он уже существует). 

--------------------------------------------------
Стек вызовов:

# 0 0x0040B361 in C:\Users\Kate\Desktop\DED-C_Tasks\Task5 stack\stack.exe: (anonymous namespace)::TX::_txOnSignal()
# 1 0x757A8F03 in C:\WINDOWS\System32\msvcrt.dll: raise()
# 2 0x757AD3CB in C:\WINDOWS\System32\msvcrt.dll: abort()
# 3 0x0041E9A6 in C:\Users\Kate\Desktop\DED-C_Tasks\Task5 stack\stack.exe: stackInit()
# 4 0x0041F4D9 in C:\Users\Kate\Desktop\DED-C_Tasks\Task5 stack\stack.exe: main()

TXLib печалится: Нет информации об исходных файлах. Вы не забыли опцию -g при компиляции?

--------------------------------------------------
Developed with:

The Dumb Artist Library (TX Library)
TXLib [Ver: 00173a, Rev: 175, Date: 2025-12-31 23:02:50 +0400]
Copyright (C) Ded (Ilya Dedinsky, http://txlib.ru) <mail@txlib.ru>
See license on: http://txlib.ru

TXLib file:	C:\Users\Kate\Desktop\downloads\TX\TXLib.h
Compiled:	Sep 30 2026 21:34:01, GNU g++ 4.8.1, std=201103L, MinGW Runtime 3.20, 32-bit, Debug
Started:	Sep 30 2026 21:34:04

Run file:	C:\Users\Kate\Desktop\DED-C_Tasks\Task5 stack\stack.exe
Directory:	C:\Users\Kate\Desktop\DED-C_Tasks\Task5 stack

--------------------------------------------------

--------------------------------------------------
TXLib соболезнует...

Программа: C:\Users\Kate\Desktop\DED-C_Tasks\Task5 stack\stack.exe,

ВНЕЗАПНО: signal (22, 0x00): SIGABRT: Аварийное завершение программы, вызвана функция abort(). 

С помощью функции signal() вы можете сами обработать эту ошибку.

#1: TXLib [Ver: 00173a, Rev: 175, Date: 2025-12-31 23:02:50 +0400], Instance: 0x004F71DC (32-bit), Flags: Cmdre0, Thread: 0x6588 (Main), GetLastError(): 183 (Невозможно создать файл, так как он уже существует). 

--------------------------------------------------
Стек вызовов:

# 0 0x0040B361 in C:\Users\Kate\Desktop\DED-C_Tasks\Task5 stack\stack.exe: (anonymous namespace)::TX::_txOnSignal()
# 1 0x757A8F03 in C:\WINDOWS\System32\msvcrt.dll: raise()
# 2 0x757AD3CB in C:\WINDOWS\System32\msvcrt.dll: abort()
# 3 0x0041E9A3 in C:\Users\Kate\Desktop\DED-C_Tasks\Task5 stack\stack.exe: stackInit()
# 4 0x0041F4E8 in C:\Users\Kate\Desktop\DED-C_Tasks\Task5 stack\stack.exe: main()

TXLib печалится: Нет информации об исходных файлах. Вы не забыли опцию -g при компиляции?

--------------------------------------------------
Developed with:

The Dumb Artist Library (TX Library)
TXLib [Ver: 00173a, Rev: 175, Date: 2025-12-31 23:02:50 +0400]
Copyright (C) Ded (Ilya Dedinsky, http://txlib.ru) <mail@txlib.ru>
See license on: http://txlib.ru

TXLib file:	C:\Users\Kate\Desktop\downloads\TX\TXLib.h
Compiled:	Sep 30 2026 21:37:23, GNU g++ 4.8.1, std=201103L, MinGW Runtime 3.20, 32-bit, Debug
Started:	Sep 30 2026 21:37:27

Run file:	C:\Users\Kate\Desktop\DED-C_Tasks\Task5 stack\stack.exe
Directory:	C:\Users\Kate\Desktop\DED-C_Tasks\Task5 stack

--------------------------------------------------

--------------------------------------------------
TXLib соболезнует...

Программа: C:\Users\Kate\Desktop\DED-C_Tasks\Task5 stack\stack.exe,

ВНЕЗАПНО: signal (22, 0x00): SIGABRT: Аварийное завершение программы, вызвана функция abort(). 

С помощью функции signal() вы можете сами обработать эту ошибку.

#1: TXLib [Ver: 00173a, Rev: 175, Date: 2025-12-31 23:02:50 +0400], Instance: 0x004F71DC (32-bit), Flags: Cmdre0, Thread: 0x5034 (Main), GetLastError(): 183 (Невозможно создать файл, так как он уже существует). 

--------------------------------------------------
Стек вызовов:

# 0 0x0040B361 in C:\Users\Kate\Desktop\DED-C_Tasks\Task5 stack\stack.exe: (anonymous namespace)::TX::_txOnSignal()
# 1 0x757A8F03 in C:\WINDOWS\System32\msvcrt.dll: raise()
# 2 0x757AD3CB in C:\WINDOWS\System32\msvcrt.dll: abort()
# 3 0x0041E9FB in C:\Users\Kate\Desktop\DED-C_Tasks\Task5 stack\stack.exe: stackPush()
# 4 0x0041F788 in C:\Users\Kate\Desktop\DED-C_Tasks\Task5 stack\stack.exe: sizeMoreThanCapacityTest()
# 5 0x0041F47C in C:\Users\Kate\Desktop\DED-C_Tasks\Task5 stack\stack.exe: main()

TXLib печалится: Нет информации об исходных файлах. Вы не забыли опцию -g при компиляции?

--------------------------------------------------
Developed with:

The Dumb Artist Library (TX Library)
TXLib [Ver: 00173a, Rev: 175, Date: 2025-12-31 23:02:50 +0400]
Copyright (C) Ded (Ilya Dedinsky, http://txlib.ru) <mail@txlib.ru>
See license on: http://txlib.ru

TXLib file:	C:\Users\Kate\Desktop\downloads\TX\TXLib.h
Compiled:	Sep 30 2026 21:46:07, GNU g++ 4.8.1, std=201103L, MinGW Runtime 3.20, 32-bit, Debug
Started:	Sep 30 2026 21:46:10

Run file:	C:\Users\Kate\Desktop\DED-C_Tasks\Task5 stack\stack.exe
Directory:	C:\Users\Kate\Desktop\DED-C_Tasks\Task5 stack

--------------------------------------------------

--------------------------------------------------
TXLib соболезнует...

Программа: C:\Users\Kate\Desktop\DED-C_Tasks\Task5 stack\stack.exe,

ВНЕЗАПНО: signal (22, 0x00): SIGABRT: Аварийное завершение программы, вызвана функция abort(). 

С помощью функции signal() вы можете сами обработать эту ошибку.

#1: TXLib [Ver: 00173a, Rev: 175, Date: 2025-12-31 23:02:50 +0400], Instance: 0x004F71DC (32-bit), Flags: Cmdre0, Thread: 0x694 (Main), GetLastError(): 183 (Невозможно создать файл, так как он уже существует). 

--------------------------------------------------
Стек вызовов:

# 0 0x0040B361 in C:\Users\Kate\Desktop\DED-C_Tasks\Task5 stack\stack.exe: (anonymous namespace)::TX::_txOnSignal()
# 1 0x757A8F03 in C:\WINDOWS\System32\msvcrt.dll: raise()
# 2 0x757AD3CB in C:\WINDOWS\System32\msvcrt.dll: abort()
# 3 0x0041E9FB in C:\Users\Kate\Desktop\DED-C_Tasks\Task5 stack\stack.exe: stackPush()
# 4 0x0041FA76 in C:\Users\Kate\Desktop\DED-C_Tasks\Task5 stack\stack.exe: badDataCanaryTest()
# 5 0x0041F521 in C:\Users\Kate\Desktop\DED-C_Tasks\Task5 stack\stack.exe: main()

TXLib печалится: Нет информации об исходных файлах. Вы не забыли опцию -g при компиляции?

--------------------------------------------------
Developed with:

The Dumb Artist Library (TX Library)
TXLib [Ver: 00173a, Rev: 175, Date: 2025-12-31 23:02:50 +0400]
Copyright (C) Ded (Ilya Dedinsky, http://txlib.ru) <mail@txlib.ru>
See license on: http://txlib.ru

TXLib file:	C:\Users\Kate\Desktop\downloads\TX\TXLib.h
Compiled:	Sep 30 2026 21:54:20, GNU g++ 4.8.1, std=201103L, MinGW Runtime 3.20, 32-bit, Debug
Started:	Sep 30 2026 21:54:28

Run file:	C:\Users\Kate\Desktop\DED-C_Tasks\Task5 stack\stack.exe
Directory:	C:\Users\Kate\Desktop\DED-C_Tasks\Task5 stack

--------------------------------------------------
